__________________________
Fri Mar 18 20:00:01 CET 2022
RAM
              total        used        free      shared  buff/cache   available
Mem:           3.8G        316M        2.8G         12M        676M        3.2G
Swap:            0B          0B          0B
__________________________
CPU 3 % |   7% Hard Drive 2.5G / 37G


__________________________
Fri Mar 18 21:00:01 CET 2022
RAM
              total        used        free      shared  buff/cache   available
Mem:           3.8G        311M        2.8G         12M        689M        3.2G
Swap:            0B          0B          0B
__________________________
CPU 3 % |   7% Hard Drive 2.5G / 37G


__________________________
Fri Mar 18 22:00:01 CET 2022
RAM
              total        used        free      shared  buff/cache   available
Mem:           3.8G        327M        2.8G         12M        701M        3.2G
Swap:            0B          0B          0B
__________________________
CPU 3 % |   7% Hard Drive 2.5G / 37G


__________________________
Fri Mar 18 23:00:01 CET 2022
RAM
              total        used        free      shared  buff/cache   available
Mem:           3.8G        318M        2.7G         12M        717M        3.2G
Swap:            0B          0B          0B
__________________________
CPU 3 % |   7% Hard Drive 2.5G / 37G


__________________________
Sat Mar 19 00:00:01 CET 2022
RAM
              total        used        free      shared  buff/cache   available
Mem:           3.8G        326M        2.7G         12M        730M        3.2G
Swap:            0B          0B          0B
__________________________
CPU 3 % |   7% Hard Drive 2.6G / 37G


__________________________
Sat Mar 19 01:00:01 CET 2022
RAM
              total        used        free      shared  buff/cache   available
Mem:           3.8G        322M        2.7G         12M        741M        3.2G
Swap:            0B          0B          0B
__________________________
CPU 3 % |   7% Hard Drive 2.6G / 37G


__________________________
Sat Mar 19 02:00:01 CET 2022
RAM
              total        used        free      shared  buff/cache   available
Mem:           3.8G        306M        2.7G         12M        753M        3.2G
Swap:            0B          0B          0B
__________________________
CPU 3 % |   7% Hard Drive 2.6G / 37G


__________________________
Sat Mar 19 03:00:01 CET 2022
RAM
              total        used        free      shared  buff/cache   available
Mem:           3.8G        331M        2.7G         12M        761M        3.2G
Swap:            0B          0B          0B
__________________________
CPU 3 % |   7% Hard Drive 2.6G / 37G


__________________________
Sat Mar 19 04:00:01 CET 2022
RAM
              total        used        free      shared  buff/cache   available
Mem:           3.8G        316M        2.7G         12M        766M        3.2G
Swap:            0B          0B          0B
__________________________
CPU 2 % |   7% Hard Drive 2.6G / 37G


__________________________
Sat Mar 19 05:00:01 CET 2022
RAM
              total        used        free      shared  buff/cache   available
Mem:           3.8G        324M        2.7G         12M        772M        3.2G
Swap:            0B          0B          0B
__________________________
CPU 2 % |   7% Hard Drive 2.6G / 37G


__________________________
Sat Mar 19 06:00:01 CET 2022
RAM
              total        used        free      shared  buff/cache   available
Mem:           3.8G        338M        2.7G         12M        777M        3.2G
Swap:            0B          0B          0B
__________________________
CPU 2 % |   7% Hard Drive 2.6G / 37G


__________________________
Sat Mar 19 07:00:01 CET 2022
RAM
              total        used        free      shared  buff/cache   available
Mem:           3.8G        316M        2.6G        7.6M        857M        3.2G
Swap:            0B          0B          0B
__________________________
CPU 2 % |   7% Hard Drive 2.6G / 37G


__________________________
Sat Mar 19 08:00:01 CET 2022
RAM
              total        used        free      shared  buff/cache   available
Mem:           3.8G        316M        2.6G        7.7M        860M        3.2G
Swap:            0B          0B          0B
__________________________
CPU 2 % |   7% Hard Drive 2.6G / 37G


__________________________
Sat Mar 19 09:00:01 CET 2022
RAM
              total        used        free      shared  buff/cache   available
Mem:           3.8G        320M        2.6G        7.7M        863M        3.2G
Swap:            0B          0B          0B
__________________________
CPU 2 % |   7% Hard Drive 2.6G / 37G


__________________________
Sat Mar 19 10:00:01 CET 2022
RAM
              total        used        free      shared  buff/cache   available
Mem:           3.8G        347M        2.6G        8.4M        867M        3.2G
Swap:            0B          0B          0B
__________________________
CPU 2 % |   7% Hard Drive 2.6G / 37G


__________________________
Sat Mar 19 11:00:01 CET 2022
RAM
              total        used        free      shared  buff/cache   available
Mem:           3.8G        341M        2.6G        8.5M        869M        3.2G
Swap:            0B          0B          0B
__________________________
CPU 2 % |   7% Hard Drive 2.6G / 37G


__________________________
Sat Mar 19 12:00:01 CET 2022
RAM
              total        used        free      shared  buff/cache   available
Mem:           3.8G        300M        2.6G        8.5M        872M        3.2G
Swap:            0B          0B          0B
__________________________
CPU 2 % |   7% Hard Drive 2.6G / 37G


__________________________
Sat Mar 19 13:00:01 CET 2022
RAM
              total        used        free      shared  buff/cache   available
Mem:           3.8G        327M        2.6G        8.5M        876M        3.2G
Swap:            0B          0B          0B
__________________________
CPU 2 % |   7% Hard Drive 2.6G / 37G


__________________________
Sat Mar 19 14:00:01 CET 2022
RAM
              total        used        free      shared  buff/cache   available
Mem:           3.8G        347M        2.5G        8.5M        890M        3.2G
Swap:            0B          0B          0B
__________________________
CPU 2 % |   7% Hard Drive 2.6G / 36G


__________________________
Sat Mar 19 15:00:01 CET 2022
RAM
              total        used        free      shared  buff/cache   available
Mem:           3.8G        352M        2.5G        8.5M        896M        3.2G
Swap:            0B          0B          0B
__________________________
CPU 2 % |   7% Hard Drive 2.6G / 36G


__________________________
Sat Mar 19 16:00:01 CET 2022
RAM
              total        used        free      shared  buff/cache   available
Mem:           3.8G        346M        2.5G        8.5M        900M        3.2G
Swap:            0B          0B          0B
__________________________
CPU 2 % |   7% Hard Drive 2.6G / 36G


__________________________
Sat Mar 19 17:00:01 CET 2022
RAM
              total        used        free      shared  buff/cache   available
Mem:           3.8G        329M        2.5G         11M        909M        3.2G
Swap:            0B          0B          0B
__________________________
CPU 2 % |   7% Hard Drive 2.6G / 36G


__________________________
Sat Mar 19 18:00:01 CET 2022
RAM
              total        used        free      shared  buff/cache   available
Mem:           3.8G        336M        2.5G         11M        913M        3.2G
Swap:            0B          0B          0B
__________________________
CPU 2 % |   7% Hard Drive 2.7G / 36G


__________________________
Sat Mar 19 19:00:01 CET 2022
RAM
              total        used        free      shared  buff/cache   available
Mem:           3.8G        338M        2.5G         11M        916M        3.2G
Swap:            0B          0B          0B
__________________________
CPU 2 % |   7% Hard Drive 2.7G / 36G


__________________________
Sat Mar 19 20:00:01 CET 2022
RAM
              total        used        free      shared  buff/cache   available
Mem:           3.8G        335M        2.5G         11M        918M        3.2G
Swap:            0B          0B          0B
__________________________
CPU 2 % |   7% Hard Drive 2.7G / 36G


__________________________
Sat Mar 19 21:00:01 CET 2022
RAM
              total        used        free      shared  buff/cache   available
Mem:           3.8G        358M        2.5G         11M        921M        3.2G
Swap:            0B          0B          0B
__________________________
CPU 2 % |   7% Hard Drive 2.7G / 36G


__________________________
Sat Mar 19 22:00:01 CET 2022
RAM
              total        used        free      shared  buff/cache   available
Mem:           3.8G        354M        2.5G         11M        923M        3.2G
Swap:            0B          0B          0B
__________________________
CPU 2 % |   7% Hard Drive 2.7G / 36G


__________________________
Sat Mar 19 23:00:01 CET 2022
RAM
              total        used        free      shared  buff/cache   available
Mem:           3.8G        327M        2.5G         11M        928M        3.2G
Swap:            0B          0B          0B
__________________________
CPU 2 % |   7% Hard Drive 2.7G / 36G


__________________________
Sun Mar 20 00:00:01 CET 2022
RAM
              total        used        free      shared  buff/cache   available
Mem:           3.8G        344M        2.5G         14M        938M        3.2G
Swap:            0B          0B          0B
__________________________
CPU 2 % |   7% Hard Drive 2.7G / 36G


__________________________
Sun Mar 20 01:00:01 CET 2022
RAM
              total        used        free      shared  buff/cache   available
Mem:           3.8G        286M        2.5G         17M        977M        3.2G
Swap:            0B          0B          0B
__________________________
CPU 2 % |   7% Hard Drive 2.7G / 36G


